at getter=1 42
indexOf getter=1 1
lastIndexOf getter=1 1
includes getter=1 true
find getter=1 42
findIndex getter=1 1
findLast getter=1 42
findLastIndex getter=1 1
slice getter=1 [1,42,3]
concat getter=1 [1,42,3,4,9]
join getter=1 "1,42,3,4"
map getter=1 [1,42,3,4]
filter getter=1 [1,42,3,4]
forEach getter=1 [1,42,3,4]
reduce getter=1 "14234"
reduceRight getter=1 "43421"
some getter=1 true
every getter=1 true
reverse getter=2 [4,42,42,1]
sort getter=2 [1,42,4,42]
flat getter=1 [1,42,3,4]
flatMap getter=1 [1,42,3,4]
fill getter=1 [1,42,7,7]
copyWithin getter=2 [42,42,4,4]
pop getter=0 4
shift getter=1 1
splice getter=1 [42]
toString getter=1 "1,42,3,4"
toSorted getter=1 [1,3,4,42]
toReversed getter=1 [4,3,42,1]
toSpliced getter=0 [1,3,4]
with getter=1 [5,42,3,4]
entries getter=1 4
keys getter=0 4
values getter=1 "1|42|3|4"
ArrayFrom getter=1 "1|42|3|4"
spread getter=1 "1|42|3|4"
JSONstringify getter=1 "[1,42,3,4]"
