offset-consistent: true,true,true,true,true
ctor-roundtrip: true,true,true,true,true
set-get-identity: true,true,true,true,true
set-get-identity-utc: true,true,true,true,true
parse-noZ-is-local: true
date-only-is-utc: true
explicit-offsets: true true
utc-family: 2020-05-17T17:20:30.000Z 17 17 Sun, 17 May 2020 17:20:30 GMT
tostring-offset-agrees: true
