plain {"keys":["a","b"],"values":[1,2],"entries":2,"forIn":["a","b"],"gopn":["a","b"],"json":"{\"a\":1,\"b\":2}","spread":["a","b"],"assign":["a","b"]}
array {"keys":["0","1","2"],"values":[1,2,3],"entries":3,"forIn":["0","1","2"],"gopn":["0","1","2","length"],"json":"[1,2,3]","spread":["0","1","2"],"assign":["0","1","2"]}
sparse {"keys":["0","3"],"values":[1,4],"entries":2,"forIn":["0","3"],"gopn":["0","3","length"],"json":"[1,null,null,4]","spread":["0","3"],"assign":["0","3"]}
arrayExtra {"keys":["0","x"],"values":[1,2],"entries":2,"forIn":["0","x"],"gopn":["0","length","x"],"json":"[1]","spread":["0","x"],"assign":["0","x"]}
u8 {"keys":["0","1"],"values":[1,2],"entries":2,"forIn":["0","1"],"gopn":["0","1"],"json":"{\"0\":1,\"1\":2}","spread":["0","1"],"assign":["0","1"]}
f64 {"keys":["0"],"values":[1.5],"entries":1,"forIn":["0"],"gopn":["0"],"json":"{\"0\":1.5}","spread":["0"],"assign":["0"]}
bigint64 SETUP-ERR:TypeError
dataview {"keys":[],"values":[],"entries":0,"forIn":[],"gopn":[],"json":"{}","spread":[],"assign":[]}
arraybuffer {"keys":[],"values":[],"entries":0,"forIn":[],"gopn":[],"json":"{}","spread":[],"assign":[]}
strWrapper {"keys":["0","1"],"values":["h","i"],"entries":2,"forIn":["0","1"],"gopn":["0","1","length"],"json":"\"hi\"","spread":["0","1"],"assign":["0","1"]}
numWrapper {"keys":[],"values":[],"entries":0,"forIn":[],"gopn":[],"json":"5","spread":[],"assign":[]}
map {"keys":[],"values":[],"entries":0,"forIn":[],"gopn":[],"json":"{}","spread":[],"assign":[]}
set {"keys":[],"values":[],"entries":0,"forIn":[],"gopn":[],"json":"{}","spread":[],"assign":[]}
fn {"keys":[],"values":[],"entries":0,"forIn":[],"gopn":["length","name","prototype"],"spread":[],"assign":[]}
classInst {"keys":["own"],"values":[1],"entries":1,"forIn":["own"],"gopn":["own"],"json":"{\"own\":1}","spread":["own"],"assign":["own"]}
accessorOwn {"keys":["a","acc"],"values":[1,9],"entries":2,"forIn":["a","acc"],"gopn":["a","acc"],"json":"{\"a\":1,\"acc\":9}","spread":["a","acc"],"assign":["a","acc"]}
nonEnum {"keys":["a"],"values":[1],"entries":1,"forIn":["a"],"gopn":["a","hidden"],"json":"{\"a\":1}","spread":["a"],"assign":["a"]}
symKey {"keys":["a"],"values":[1],"entries":1,"forIn":["a"],"gopn":["a"],"json":"{\"a\":1}","spread":["a"],"assign":["a"]}
protoChain {"keys":["own"],"values":[2],"entries":1,"forIn":["own","inherited"],"gopn":["own"],"json":"{\"own\":2}","spread":["own"],"assign":["own"]}
proxyArray {"keys":["0","1"],"values":[1,2],"entries":2,"forIn":["0","1"],"gopn":["0","1","length"],"json":"[1,2]","spread":["0","1"],"assign":["0","1"]}
frozen {"keys":["a"],"values":[1],"entries":1,"forIn":["a"],"gopn":["a"],"json":"{\"a\":1}","spread":["a"],"assign":["a"]}
detached {"keys":[],"values":[],"entries":0,"forIn":[],"gopn":[],"json":"{}","spread":[],"assign":[]}
