for-of break ["next","body1","return"]
for-of throw ["next","return","caught"]
for-of return-in-fn ["next","return"]
destructure partial ["next","return","a=1"]
spread full ["next","next","next","len=2"]
Array.from ["next","next","next"]
Map ctor ["next","next"]
Promise.all ["next"]
array iter proto ["function","undefined","true"]
string iter ["{\"value\":\"a\",\"done\":false}","undefined"]
map iter ["[\"k\",1]","undefined"]
set iter ["{\"value\":1,\"done\":false}","undefined"]
next not fn THREW TypeError []
next returns primitive THREW TypeError []
iterator not obj THREW TypeError []
symbol.iterator null THREW TypeError []
throwing return THREW TypeError []
done-getter ["done?","value?","got1","done?"]
