12
HELLO, WORLD
hello, world
e e undefined
7 -1
Hello World World
true true true
trim me
ababab
Hello, Milo
[ "a", "b", "c", "d" ]
a-b-c-d
1 [ "a", "b", "c" ]
[ 1, 4, 9, 16, 25 ]
[ 2, 4 ]
15
[ 10, 20, 30, 40, 50 ]
2 -1
true false
[ 2, 3 ]
[ 3, 2, 1 ]
[ 1, 2, 3, 4, 5 ]
THE_QUICK_BROWN_FOX
[ 4, 5, 6, 7 ]
[ "0:a", "1:b", "2:c" ]
