constructor,buffer,byteLength,byteOffset,getInt8,setInt8,getUint8,setUint8,getInt16,setInt16,getUint16,setUint16,getInt32,setInt32,getUint32,setUint32,getFloat32,setFloat32,getFloat64,setFloat64,getBigInt64,setBigInt64,getBigUint64,setBigUint64,getFloat16,setFloat16
  buffer get get buffer 0 undefined false true
  byteLength get get byteLength 0 undefined false true
  byteOffset get get byteOffset 0 undefined false true
  getInt8 1 getInt8 true false true
  setInt8 2 setInt8 true false true
  getUint8 1 getUint8 true false true
  setUint8 2 setUint8 true false true
  getInt16 1 getInt16 true false true
  setInt16 2 setInt16 true false true
  getUint16 1 getUint16 true false true
  setUint16 2 setUint16 true false true
  getInt32 1 getInt32 true false true
  setInt32 2 setInt32 true false true
  getUint32 1 getUint32 true false true
  setUint32 2 setUint32 true false true
  getFloat32 1 getFloat32 true false true
  setFloat32 2 setFloat32 true false true
  getFloat64 1 getFloat64 true false true
  setFloat64 2 setFloat64 true false true
  getBigInt64 1 getBigInt64 true false true
  setBigInt64 2 setBigInt64 true false true
  getBigUint64 1 getBigUint64 true false true
  setBigUint64 2 setBigUint64 true false true
  getFloat16 1 getFloat16 true false true
  setFloat16 2 setFloat16 true false true
DataView
values: 18 52 13330 16 true
identity: true true true
computed: 4660
bigint: -5n 18446744073709551611n -288230376151711745n
biguint: 18446744073709551615n -1n
setBigInt64 number: TypeError
setBigInt64 undefined: TypeError
setBigInt64 object: TypeError
setBigInt64 symbol: TypeError
ToBigInt object: 7n
float16: 1 15360 15360 true
float16: -1 48128 48128 true
float16: 65504 31743 31743 true
float16: 65520 31744 31744 true
float16: 0.1 11878 11878 true
float16: -0 32768 32768 true
float16: NaN 32256 32256 true
float16: -Infinity 64512 64512 true
float16: 1.00048828125 15360 15360 true
float16: 1.000732421875 15361 15361 true
float16: 0.00006103515625 1024 1024 true
float16 subnormal: 1024 1 0 1
getInt8 on plain: TypeError
getInt8 on Uint8Array: TypeError
setInt8 on ArrayBuffer: TypeError
byteLength on plain: TypeError
Object.create receiver: TypeError
extracted: 0
extracted unbound: TypeError
override: patched 3 patched 4
restored: 1
subclass: sub 9 true true [object DataView]
deleted: TypeError
in: false
put back: deadbeef
shadow: own true number
