at 2 trapped
indexOf 2 trapped
includes true trapped
find 3 trapped
slice [1,2,3] trapped
concat [1,2,3,4,9] trapped
join "1,2,3,4" trapped
map [1,2,3,4] trapped
filter [1,2,3,4] trapped
forEach [1,2,3,4] trapped
reduce 10 trapped
every true trapped
reverse [4,3,2,1] trapped
sort [1,2,3,4] trapped
flat [1,2,3,4] trapped
fill [1,2,3,7] trapped
toString "1,2,3,4" trapped
pop 4 trapped
shift 1 trapped
splice [2] trapped
spread "1|2|3|4" trapped
ArrayFrom "1|2|3|4" trapped
forOf "1234" trapped
JSONstringify "[1,2,3,4]" trapped
ObjectKeys "0|1|2|3" trapped
ObjectValues "1|2|3|4" trapped
ObjectEntries 4 trapped
ObjectAssign "{\"0\":1,\"1\":2,\"2\":3,\"3\":4}" trapped
objSpread "{\"0\":1,\"1\":2,\"2\":3,\"3\":4}" trapped
hasIn true trapped
deleteIdx 4 trapped
setIdx 99 trapped
