own Array: true true true
own global: true true
B array instanceof Array: false true
Array.isArray(B array): true
B array proto: true
B object: false true true
B Map: false true
B function from A: B true true true
undeclared assignment: B global undefined
TypeError from B: false true true
SyntaxError from B: false true
Symbol.for shared: true
Symbol.iterator shared: true
B map on A array: true false 10,20
A map on B array: true false
B.Array(): true true
proto from newTarget realm: true
patched B push: patched 1
B generator: true true
B async after await: true false
