escaped beyond literal: 38
9:"\\t" 10:"\\n" 11:"\\v" 12:"\\f" 13:"\\r" 32:"\\x20" 33:"\\x21" 34:"\\x22" 35:"\\x23" 36:"\\$" 37:"\\x25" 38:"\\x26" 39:"\\x27" 40:"\\(" 41:"\\)" 42:"\\*" 43:"\\+" 44:"\\x2c" 45:"\\x2d" 46:"\\." 47:"\\/" 58:"\\x3a" 59:"\\x3b" 60:"\\x3c" 61:"\\x3d" 62:"\\x3e" 63:"\\?" 64:"\\x40" 91:"\\[" 92:"\\\\" 93:"\\]" 94:"\\^" 96:"\\x60" 123:"\\{" 124:"\\|" 125:"\\}" 126:"\\x7e" 160:"\\xa0"
["\\x61bc","\\x30x","_a",""]
true,true,true,true,true,true
