exec-global-lastIndex [[0,1],[1,2]]
test-global-advances [true,1,true,2,false,0]
exec-nonglobal-no-advance [0,0]
sticky [false,0,true,2]
lastIndex-past-end [null,0]
named-groups ["2026","08","2026",3]
groups-undefined ["a",true,3]
matchAll-indices [["a1",0,"a","1"],["b2",2,"b","2"]]
match-global ["1","2"]
match-nonglobal-null null
replace-named "08/2026"
replace-fn-groups 6
split-limit-regex [["a","b"],["a","c"],[""],["a","b"]]
search-lastIndex-untouched [1,5]
source-empty ["(?:)","(?:)","/(?:)/"]
flags-order ["gimsy","gimsy"]
dotAll [true,false]
multiline [true,false]
unicode-escape [true,2]
case-insensitive-unicode [true,true]
backreference [true,false]
lookbehind ["b",false]
lookahead [true,false]
quantifier-lazy ["a","aaa"]
hasIndices [[1,2],[1,2]]
regexp-escape "\\x61\\.b"
symbol-replace-custom "custom"
symbol-split-custom ["custom"]
symbol-match-custom "matched"
toString ["/a/g","/a/g","/x/y"]
