0 abc / on "xxabcxx" => [2,"abc"]|test=true|repl=xx<abc>xx|split=["xx","xx"]|all=["abc"]
1 ^abc$ / on "abc" => [0,"abc"]|test=true|repl=<abc>|split=["",""]|all=["abc"]
2 a+ / on "aaab" => [0,"aaa"]|test=true|repl=<aaa>b|split=["","b"]|all=["aaa"]
3 a* / on "bbb" => [0,""]|test=true|repl=<>bbb|split=["b","b","b"]|all=["","","",""]
4 a?b / on "ab" => [0,"ab"]|test=true|repl=<ab>|split=["",""]|all=["ab"]
5 a{2,3} / on "aaaa" => [0,"aaa"]|test=true|repl=<aaa>a|split=["","a"]|all=["aaa"]
6 [a-z]+ / on "ABCdefGH" => [3,"def"]|test=true|repl=ABC<def>GH|split=["ABC","GH"]|all=["def"]
7 [^a-z]+ / on "abcDEF" => [3,"DEF"]|test=true|repl=abc<DEF>|split=["abc",""]|all=["DEF"]
8 \d+ / on "ab123cd" => [2,"123"]|test=true|repl=ab<123>cd|split=["ab","cd"]|all=["123"]
9 \w+ / on "a_b-c" => [0,"a_b"]|test=true|repl=<a_b>-c|split=["","-",""]|all=["a_b","c"]
10 \s+ / on "a  b" => [1,"  "]|test=true|repl=a<  >b|split=["a","b"]|all=["  "]
11 \D+ / on "12ab34" => [2,"ab"]|test=true|repl=12<ab>34|split=["12","34"]|all=["ab"]
12 \W+ / on "a!!b" => [1,"!!"]|test=true|repl=a<!!>b|split=["a","b"]|all=["!!"]
13 \S+ / on " ab " => [1,"ab"]|test=true|repl= <ab> |split=[" "," "]|all=["ab"]
14 (a)(b)(c) / on "abc" => [0,"abc","a","b","c"]|test=true|repl=<abc>|split=["","a","b","c",""]|all=["abc"]
15 (a|b)+ / on "abab" => [0,"abab","b"]|test=true|repl=<abab>|split=["","b",""]|all=["abab"]
16 (?:ab)+ / on "ababab" => [0,"ababab"]|test=true|repl=<ababab>|split=["",""]|all=["ababab"]
17 a(?=b) / on "ab" => [0,"a"]|test=true|repl=<a>b|split=["","b"]|all=["a"]
18 a(?!b) / on "ac" => [0,"a"]|test=true|repl=<a>c|split=["","c"]|all=["a"]
19 (?<=a)b / on "ab" => [1,"b"]|test=true|repl=a<b>|split=["a",""]|all=["b"]
20 (?<!a)b / on "cb" => [1,"b"]|test=true|repl=c<b>|split=["c",""]|all=["b"]
21 (a)\1 / on "aa" => [0,"aa","a"]|test=true|repl=<aa>|split=["","a",""]|all=["aa"]
22 (a)\1 / on "ab" => null|test=false|repl=ab|split=["ab"]|all=null
23 ^$ / on "" => [0,""]|test=true|repl=<>|split=[]|all=[""]
24 \bfoo\b / on "a foo b" => [2,"foo"]|test=true|repl=a <foo> b|split=["a "," b"]|all=["foo"]
25 \Bfoo / on "afoo" => [1,"foo"]|test=true|repl=a<foo>|split=["a",""]|all=["foo"]
26 . / on "\n" => null|test=false|repl=
|split=["\n"]|all=null
27 . /s on "\n" => [0,"\n"]|test=true|repl=<
>|split=["",""]|all=["\n"]
28 a.c / on "abc" => [0,"abc"]|test=true|repl=<abc>|split=["",""]|all=["abc"]
29 [\s\S]* / on "a\nb" => [0,"a\nb"]|test=true|repl=<a
b>|split=["",""]|all=["a\nb",""]
30 x* / on "yyy" => [0,""]|test=true|repl=<>yyy|split=["y","y","y"]|all=["","","",""]
31 (a*)* / on "aaa" => [0,"aaa","aaa"]|test=true|repl=<aaa>|split=["","aaa",""]|all=["aaa",""]
32 (a|)* / on "b" => [0,"",null]|test=true|repl=<>b|split=["b"]|all=["",""]
33 [abc]{2,} / on "aabbcc" => [0,"aabbcc"]|test=true|repl=<aabbcc>|split=["",""]|all=["aabbcc"]
34 ^(a+)+$ / on "aaaa" => [0,"aaaa","aaaa"]|test=true|repl=<aaaa>|split=["","aaaa",""]|all=["aaaa"]
35 \x41 / on "A" => [0,"A"]|test=true|repl=<A>|split=["",""]|all=["A"]
36 A / on "A" => [0,"A"]|test=true|repl=<A>|split=["",""]|all=["A"]
37 \u{1F600} /u on "😀" => [0,"😀"]|test=true|repl=<😀>|split=["",""]|all=["😀"]
38 \p{L}+ /u on "abcé123" => [0,"abcé"]|test=true|repl=<abcé>123|split=["","123"]|all=["abcé"]
39 \P{L}+ /u on "abc123" => [3,"123"]|test=true|repl=abc<123>|split=["abc",""]|all=["123"]
40 [\p{Lu}\p{Nd}]+ /u on "AB12ab" => [0,"AB12"]|test=true|repl=<AB12>ab|split=["","ab"]|all=["AB12"]
41 a /i on "A" => [0,"A"]|test=true|repl=<A>|split=["",""]|all=["A"]
42 ABC /i on "abc" => [0,"abc"]|test=true|repl=<abc>|split=["",""]|all=["abc"]
43 ^a$ /m on "b\na\nc" => [2,"a"]|test=true|repl=b
<a>
c|split=["b\n","\nc"]|all=["a"]
44 (?<yr>\d{4})-(?<mo>\d{2}) / on "2020-05" => [0,"2020-05","2020","05"]|test=true|repl=<2020-05>|split=["","2020","05",""]|all=["2020-05"]
45 a{0} / on "b" => [0,""]|test=true|repl=<>b|split=["b"]|all=["",""]
46 (a)(b)? / on "a" => [0,"a","a",null]|test=true|repl=<a>|split=["","a",null,""]|all=["a"]
47 [-a-c] / on "-" => [0,"-"]|test=true|repl=<->|split=["",""]|all=["-"]
48 [\]] / on "]" => [0,"]"]|test=true|repl=<]>|split=["",""]|all=["]"]
49 [^] / on "x" => [0,"x"]|test=true|repl=<x>|split=["",""]|all=["x"]
50 \/ / on "/" => [0,"/"]|test=true|repl=</>|split=["",""]|all=["/"]
51 € / on "€" => [0,"€"]|test=true|repl=<€>|split=["",""]|all=["€"]
52 é+ / on "ééé" => [0,"ééé"]|test=true|repl=<ééé>|split=["",""]|all=["ééé"]
53 (?:a|ab)c / on "abc" => [0,"abc"]|test=true|repl=<abc>|split=["",""]|all=["abc"]
54 a??b / on "ab" => [0,"ab"]|test=true|repl=<ab>|split=["",""]|all=["ab"]
55 a+? / on "aaa" => [0,"a"]|test=true|repl=<a>aa|split=["","","",""]|all=["a","a","a"]
56 [0-9]{3,} / on "12345" => [0,"12345"]|test=true|repl=<12345>|split=["",""]|all=["12345"]
57 ^\s*$ / on "   " => [0,"   "]|test=true|repl=<   >|split=["",""]|all=["   "]
58 (\w+)\s(\w+) / on "hello world" => [0,"hello world","hello","world"]|test=true|repl=<hello world>|split=["","hello","world",""]|all=["hello world"]
59 \$\d+ / on "$100" => [0,"$100"]|test=true|repl=<$100>|split=["",""]|all=["$100"]
