set-string ["a","b"]
set-string-dedupes ["a"]
set-empty-string []
set-array [1,2]
set-set [1,2]
set-generator [1,2]
set-map [["a",1]]
set-typedarray [1,2]
set-null []
set-undefined []
map-pairs [["a",1],["b",2]]
map-non-object-entry ERR:TypeError
map-number-entry ERR:TypeError
map-short-pair [1,null]
map-generator [["a",1]]
array-from-set-of-string ["a","b"]
spread-string-unchanged ["a","b"]
for-of-string-unchanged ["a","b"]
