assign-frozen THREW TypeError
add-frozen THREW TypeError
add-sealed THREW TypeError
assign-sealed OK 2
add-nonextensible THREW TypeError
assign-readonly THREW TypeError
delete-nonconfig THREW TypeError
delete-var OK true
assign-getter-only THREW TypeError
array-length-frozen THREW TypeError
proto-frozen THREW TypeError
defineProp-nonconfig-change THREW TypeError
defineProp-nonconfig-samevalue OK 1
undeclared-assign THREW ReferenceError
freeze-then-write-index THREW TypeError
string-index-write THREW TypeError
write-to-primitive THREW TypeError
write-through-proto-readonly THREW TypeError
