Map THREW:TypeError
Set THREW:TypeError
WeakMap THREW:TypeError
WeakSet THREW:TypeError
Promise THREW:TypeError
Proxy THREW:TypeError
DataView THREW:TypeError
ArrayBuffer THREW:TypeError
Uint8Array THREW:TypeError
Int32Array THREW:TypeError
Float64Array THREW:TypeError
BigInt64Array THREW:TypeError
URL THREW:TypeError
URLSearchParams THREW:TypeError
Date OK:string
RegExp OK:object
Array OK:object
Object OK:object
String OK:string
Number OK:number
Boolean OK:boolean
Error OK:object
TypeError OK:object
Function OK:function
