bad encoding string ERR_INVALID_ARG_VALUE | The argument 'encoding' is invalid encoding. Received 'foo'
bad encoding option ERR_INVALID_ARG_VALUE | The argument 'encoding' is invalid encoding. Received 'foo'
null byte in path ERR_INVALID_ARG_VALUE | The argument 'path' must be a string, Uint8Array, or URL without null bytes. Received 'foo\x00ba
exists non-function cb ERR_INVALID_ARG_TYPE | The "cb" argument must be of type function. Received type string ('nope')
mkdir bad mode ERR_INVALID_ARG_VALUE | The property 'options.mode' must be a 32-bit unsigned integer or an octal string. Received 'zz'
lchmod follows O_SYMLINK: true
lchown/promises: function function
chmod partial octal ERR_INVALID_ARG_VALUE | The argument 'mode' must be a 32-bit unsigned integer or an octal string. Received '755x'
chmod octal string ENOENT | ENOENT: no such file or directory, chmod '/tmp/mj-no-such-path'
