0 { a: [Object] }
1 { a: { b: [Object] } }
2 { a: { b: { c: 1 } } }
3 { a: { b: { c: 1 } } }
null { a: { b: { c: 1 } } }
Infinity { a: { b: { c: 1 } } }
-1 [Object]
explicit undefined { a: { b: { c: 1 } } }
legacy showHidden/depth { a: { b: [Object] } }
array [ [ [Array] ] ]
no options { a: { b: { c: 1 } } }
circular <ref *1> { self: [Circular *1] }
