null     ERR_STREAM_NULL_VALUES | May not write null values to stream
true     ERR_INVALID_ARG_TYPE | The "chunk" argument must be of type string or an instance of Buffer, TypedArray, or DataView. Received type boolean (true)
1        ERR_INVALID_ARG_TYPE | The "chunk" argument must be of type string or an instance of Buffer, TypedArray, or DataView. Received type number (1)
[]       ERR_INVALID_ARG_TYPE | The "chunk" argument must be of type string or an instance of Buffer, TypedArray, or DataView. Received an instance of Array
{}       ERR_INVALID_ARG_TYPE | The "chunk" argument must be of type string or an instance of Buffer, TypedArray, or DataView. Received an instance of Object
undefined ERR_INVALID_ARG_TYPE | The "chunk" argument must be of type string or an instance of Buffer, TypedArray, or DataView. Received undefined
array host: ERR_INVALID_ARG_TYPE | The "options.host" property must be of type string. Received an instance of Array
resetAndDestroy: function
